
Clover EFI installer log - Sun Jan  5 12:11:13 EST 2020
Installer version: v2.5k r5099 EFI bootloader
======================================================
/dev/disk0 (internal, physical):
   #:                       TYPE NAME                    SIZE       IDENTIFIER
   0:      GUID_partition_scheme                        *120.0 GB   disk0
   1:                        EFI EFI                     209.7 MB   disk0s1
   2:                  Apple_HFS mac                     119.2 GB   disk0s2
   3:                 Apple_Boot Recovery HD             650.0 MB   disk0s3

/dev/disk1 (external, physical):
   #:                       TYPE NAME                    SIZE       IDENTIFIER
   0:      GUID_partition_scheme                        *126.9 GB   disk1
   1:                        EFI EFI                     209.7 MB   disk1s1
   2:                  Apple_HFS Install macOS Catalina  16.4 GB    disk1s2
   3:                  Apple_HFS 110G  128G              110.0 GB   disk1s3

======================================================
Backing up EFI files

Backing up stage2 file /Volumes/mac/EFIROOTDIR/boot  to /Volumes/mac/EFI-Backups/r5099/2020-01-05-12h11/boot
Backing up /Volumes/mac/EFIROOTDIR/EFI folder to /Volumes/mac/EFI-Backups/r5099/2020-01-05-12h11/EFI
======================================================
Installing BootSectors/BootLoader

Stage 0 - Don't write any of boot0af, boot0md, boot0ss to /
Stage 1 - Don't write any of boot1h2, boot1f32alt, boot1xalt to /
Stage 2 - Written boot6 (x64) to /Volumes/EFI 1/boot

======================================================
=========== Clover EFI Installation Finish ===========
======================================================
